[verify] V0 PASS manifest validates (vict.capability-pack@1, ^0.1.0) (6ms)
[verify] V1 PASS installCapabilityPack installs all six capabilities atomically (6ms)
[verify] V2 PASS test-mode run completes via declared doubles (add+cognify) (34ms)
[verify] V2b PASS forget double runs in test mode (no real store touch) (4ms)
[verify] V3 PASS read in test mode fails closed (no double declared) (5ms)
[verify] V4 PASS ungranted write fails pre-handler (permission denied, no cognee) (38ms)
[verify] V5 PASS normal-mode keyed write graph completes through real worker (89193ms)
[verify] V5 PASS normal-mode scoped search returns in-scope hits (483ms)
[verify] V5b PASS sequential-engine write refused (no CapabilityContext key) (3ms)
[verify] V6 PASS same key replays known outcome without re-execution (932ms)
[verify] V6 PASS same key + different content rejected (COGNEE_IDEMPOTENCY_MISMATCH) (11ms)
[verify] V6 PASS cognify via binding key (real graph for V7 forget) (10221ms)
[verify] V7 PASS forget denied by default in normal mode (allowIrreversible gate) (15ms)
[verify] V7 PASS forget with allowIrreversible runs for real (file-level purge receipt) (1969ms)
[verify] V9a PASS durable write graph in test mode refused (no worker spawn, no store change) (67ms)
[verify] V9b PASS durable write graph in simulate mode refused (no worker spawn, no store change) (21ms)
[verify] V9c PASS durable read graph in test mode refused (no worker spawn, no store change) (54ms)
[verify] V9d PASS durable forgetDataset graph in test mode refused (real purge unreachable) (24ms)
[verify] V10a PASS expired ctx.deadlineAt fails BEFORE the worker request (20ms)
[verify] V10b PASS insufficient ctx.deadlineAt fails BEFORE the worker request (no fresh timeout) (28ms)
[verify] V10c PASS expired deadline on a read fails before the worker request (0ms)
[verify] V10d PASS deadline expiring during worker startup fails BEFORE dispatch (no effect; only the probe itself was served) (2810ms)
[verify] V10g PASS ready-budget expiry KILLS the stranded worker and the next request recovers via a fresh spawn (1573ms)
[verify] V10e PASS queued request whose deadline expires while queued fails BEFORE dispatch (never sent) (3256ms)
[verify] V10f PASS deadline expiring AFTER a mutation was dispatched reports UNKNOWN outcome (COGNEE_WRITE_UNKNOWN) (803ms)
[verify] V10f PASS deadline expiring after a READ was dispatched reports a clean typed failure (CLIENT_DEADLINE) (807ms)
[verify] V11 PASS pack resolves its OWN BUNDLED worker (no proof path; C4_FAULT absent) (1ms)
